// Jest Snapshot v1, https://goo.gl/fbAQLP

exports[`renders correctly 1`] = `
<View
  style={
    Object {
      "alignItems": "center",
      "backgroundColor": "#F2F2F2",
      "flex": 1,
      "justifyContent": "center",
    }
  }
>
  <View
    style={
      Object {
        "height": 106.72,
      }
    }
  />
  <View
    style={
      Object {
        "alignItems": "center",
        "alignSelf": "center",
        "backgroundColor": "#F2F2F2",
        "flexDirection": "column",
        "flexGrow": 0,
        "flexShrink": 0,
        "height": 1187.26,
        "justifyContent": "center",
        "width": 750,
      }
    }
  >
    <View
      style={
        Object {
          "alignItems": "center",
          "alignSelf": "center",
          "backgroundColor": "#F2F2F2",
          "flexDirection": "column",
          "flexGrow": 0,
          "flexShrink": 0,
          "height": 373.52000000000004,
          "justifyContent": "center",
          "width": 750,
        }
      }
    >
      <Text
        accessible={true}
        allowFontScaling={true}
        ellipsizeMode="tail"
        style={
          Object {
            "color": "#333333",
            "fontSize": 40,
            "margin": 10,
            "textAlign": "center",
          }
        }
      >
        Password
      </Text>
      <Text
        accessible={true}
        allowFontScaling={true}
        ellipsizeMode="tail"
        style={
          Object {
            "fontSize": 15,
            "marginBottom": 5,
            "textAlign": "center",
          }
        }
      >
        Update your password
      </Text>
    </View>
    <View
      style={
        Object {
          "alignItems": "center",
          "flex": 1,
          "justifyContent": "flex-start",
        }
      }
    >
      <View
        style={
          Object {
            "alignItems": "flex-start",
            "marginTop": 10,
          }
        }
      >
        <Text
          accessible={true}
          allowFontScaling={true}
          ellipsizeMode="tail"
          style={
            Object {
              "color": "#333333",
              "fontSize": 15,
              "textAlign": "left",
            }
          }
        >
          Current password*
        </Text>
        <TextInput
          onChange={[Function]}
          secureTextEntry={true}
          style={
            Object {
              "borderColor": "#CCC",
              "borderRadius": 5,
              "borderWidth": 1,
              "height": 66.7,
              "marginTop": 5,
              "padding": 5,
              "width": 600,
            }
          }
          underlineColorAndroid="transparent"
        />
      </View>
      <View
        style={
          Object {
            "alignItems": "flex-start",
            "marginTop": 10,
          }
        }
      >
        <Text
          accessible={true}
          allowFontScaling={true}
          ellipsizeMode="tail"
          style={
            Object {
              "color": "#333333",
              "fontSize": 15,
              "textAlign": "left",
            }
          }
        >
          New password*
        </Text>
        <TextInput
          onChange={[Function]}
          secureTextEntry={true}
          style={
            Object {
              "borderColor": "#CCC",
              "borderRadius": 5,
              "borderWidth": 1,
              "height": 66.7,
              "marginTop": 5,
              "padding": 5,
              "width": 600,
            }
          }
          underlineColorAndroid="transparent"
        />
      </View>
      <View
        style={
          Object {
            "alignItems": "flex-start",
            "marginTop": 10,
          }
        }
      >
        <Text
          accessible={true}
          allowFontScaling={true}
          ellipsizeMode="tail"
          style={
            Object {
              "color": "#333333",
              "fontSize": 15,
              "textAlign": "left",
            }
          }
        >
          Repeat new password*
        </Text>
        <TextInput
          onChange={[Function]}
          secureTextEntry={true}
          style={
            Object {
              "borderColor": "#CCC",
              "borderRadius": 5,
              "borderWidth": 1,
              "height": 66.7,
              "marginTop": 5,
              "padding": 5,
              "width": 600,
            }
          }
          underlineColorAndroid="transparent"
        />
      </View>
      <View
        accessibilityComponentType={undefined}
        accessibilityLabel={undefined}
        accessibilityTraits={undefined}
        accessible={true}
        hasTVPreferredFocus={undefined}
        hitSlop={undefined}
        isTVSelectable={true}
        onLayout={undefined}
        onResponderGrant={[Function]}
        onResponderMove={[Function]}
        onResponderRelease={[Function]}
        onResponderTerminate={[Function]}
        onResponderTerminationRequest={[Function]}
        onStartShouldSetResponder={[Function]}
        style={
          Array [
            Object {
              "backgroundColor": "transparent",
            },
            Object {
              "alignItems": "center",
              "backgroundColor": "#A4D04A",
              "borderRadius": 5,
              "height": 106.72,
              "justifyContent": "center",
              "marginTop": 20,
              "width": 525,
            },
          ]
        }
        testID={undefined}
        tvParallaxProperties={undefined}
      >
        <Text
          accessible={true}
          allowFontScaling={true}
          ellipsizeMode="tail"
          style={
            Object {
              "color": "white",
              "fontSize": 40.019999999999996,
            }
          }
        >
          Save changes
        </Text>
      </View>
    </View>
  </View>
</View>
`;
