// Jest Snapshot v1, https://goo.gl/fbAQLP

exports[`renders correctly 1`] = `
<View
  style={
    Object {
      "alignItems": "center",
      "backgroundColor": "#F2F2F2",
      "flex": 1,
      "justifyContent": "center",
    }
  }
>
  <View
    style={
      Object {
        "height": 106.72,
      }
    }
  />
  <View
    style={
      Object {
        "alignItems": "center",
        "alignSelf": "center",
        "backgroundColor": "#F2F2F2",
        "flexDirection": "column",
        "flexGrow": 0,
        "flexShrink": 0,
        "height": 1187.26,
        "justifyContent": "center",
        "width": 750,
      }
    }
  >
    <View
      style={
        Object {
          "alignItems": "center",
          "alignSelf": "center",
          "backgroundColor": "#F2F2F2",
          "flexDirection": "column",
          "flexGrow": 0,
          "flexShrink": 0,
          "height": 400.2,
          "justifyContent": "center",
          "width": 750,
        }
      }
    >
      <Text
        accessible={true}
        allowFontScaling={true}
        ellipsizeMode="tail"
        style={
          Object {
            "color": "#333333",
            "fontSize": 40,
            "margin": 10,
            "textAlign": "center",
          }
        }
      >
        My negotiations
      </Text>
      <Text
        accessible={true}
        allowFontScaling={true}
        ellipsizeMode="tail"
        style={
          Object {
            "fontSize": 15,
            "marginBottom": 5,
            "textAlign": "center",
          }
        }
      >
        View your ongoing negotiations
      </Text>
    </View>
    <View
      style={
        Object {
          "alignSelf": "flex-start",
          "justifyContent": "flex-start",
        }
      }
    >
      <Text
        accessible={true}
        allowFontScaling={true}
        ellipsizeMode="tail"
        style={
          Object {
            "color": "#333333",
            "fontSize": 20,
            "textAlign": "left",
          }
        }
      >
        Ongoing sales
      </Text>
    </View>
    <View
      style={
        Object {
          "alignItems": "center",
          "alignSelf": "center",
          "backgroundColor": "#F2F2F2",
          "borderColor": "#CCC",
          "borderRadius": 5,
          "borderWidth": 1,
          "flexGrow": 0,
          "flexShrink": 0,
          "height": 306.82,
          "justifyContent": "center",
          "margin": 5,
          "padding": 5,
          "width": 710,
        }
      }
    >
      <Text
        accessible={true}
        allowFontScaling={true}
        ellipsizeMode="tail"
      >
        No sales
      </Text>
    </View>
    <View
      style={
        Object {
          "alignSelf": "flex-start",
          "justifyContent": "flex-start",
        }
      }
    >
      <Text
        accessible={true}
        allowFontScaling={true}
        ellipsizeMode="tail"
        style={
          Object {
            "color": "#333333",
            "fontSize": 20,
            "textAlign": "left",
          }
        }
      >
        Ongoing purchasing
      </Text>
    </View>
    <View
      style={
        Object {
          "alignItems": "center",
          "alignSelf": "center",
          "backgroundColor": "#F2F2F2",
          "borderColor": "#CCC",
          "borderRadius": 5,
          "borderWidth": 1,
          "flexGrow": 0,
          "flexShrink": 0,
          "height": 306.82,
          "justifyContent": "center",
          "margin": 5,
          "padding": 5,
          "width": 710,
        }
      }
    >
      <Text
        accessible={true}
        allowFontScaling={true}
        ellipsizeMode="tail"
      >
        No purchases
      </Text>
    </View>
  </View>
</View>
`;
