// Jest Snapshot v1, https://goo.gl/fbAQLP

exports[`renders correctly 1`] = `
<View>
  <View
    style={
      Object {
        "height": 106.72,
      }
    }
  />
  <View
    style={
      Object {
        "backgroundColor": "#F2F2F2",
      }
    }
  >
    <Text
      accessible={true}
      allowFontScaling={true}
      ellipsizeMode="tail"
      style={
        Object {
          "color": "#000000",
          "fontSize": 32,
          "marginBottom": 10,
          "marginTop": 15,
          "textAlign": "center",
        }
      }
    >
      Ajouter une demande
    </Text>
  </View>
  <View
    style={
      Object {
        "alignItems": "center",
      }
    }
  >
    <Text
      accessible={true}
      allowFontScaling={true}
      ellipsizeMode="tail"
      style={
        Object {
          "fontSize": 20,
          "margin": 66.7,
          "marginTop": 106.72,
          "textAlign": "center",
        }
      }
    >
      Veuillez vous connecter pour continuer
    </Text>
    <View
      accessibilityComponentType={undefined}
      accessibilityLabel={undefined}
      accessibilityTraits={undefined}
      accessible={true}
      hasTVPreferredFocus={undefined}
      hitSlop={undefined}
      isTVSelectable={true}
      onLayout={undefined}
      onResponderGrant={[Function]}
      onResponderMove={[Function]}
      onResponderRelease={[Function]}
      onResponderTerminate={[Function]}
      onResponderTerminationRequest={[Function]}
      onStartShouldSetResponder={[Function]}
      style={
        Array [
          Object {
            "backgroundColor": "transparent",
          },
          Object {
            "backgroundColor": "#A4D04A",
            "borderRadius": 5,
            "height": 66.7,
            "justifyContent": "center",
            "width": 375,
          },
        ]
      }
      testID={undefined}
      tvParallaxProperties={undefined}
    >
      <Text
        accessible={true}
        allowFontScaling={true}
        ellipsizeMode="tail"
        style={
          Object {
            "color": "white",
            "fontSize": 20,
            "textAlign": "center",
          }
        }
      >
        Se connecter
      </Text>
    </View>
    <Text
      accessible={true}
      allowFontScaling={true}
      ellipsizeMode="tail"
      style={
        Object {
          "fontSize": 20,
          "marginTop": 133.4,
          "textAlign": "center",
        }
      }
    >
      Pas de compte?
    </Text>
    <Text
      accessible={true}
      allowFontScaling={true}
      ellipsizeMode="tail"
      style={
        Object {
          "fontSize": 20,
          "margin": 13.34,
          "marginBottom": 66.7,
          "textAlign": "center",
        }
      }
    >
      Inscrivez-vous!
    </Text>
    <View
      accessibilityComponentType={undefined}
      accessibilityLabel={undefined}
      accessibilityTraits={undefined}
      accessible={true}
      hasTVPreferredFocus={undefined}
      hitSlop={undefined}
      isTVSelectable={true}
      onLayout={undefined}
      onResponderGrant={[Function]}
      onResponderMove={[Function]}
      onResponderRelease={[Function]}
      onResponderTerminate={[Function]}
      onResponderTerminationRequest={[Function]}
      onStartShouldSetResponder={[Function]}
      style={
        Array [
          Object {
            "backgroundColor": "transparent",
          },
          Object {
            "backgroundColor": "rgb(71,95,209)",
            "borderRadius": 5,
            "height": 66.7,
            "justifyContent": "center",
            "width": 375,
          },
        ]
      }
      testID={undefined}
      tvParallaxProperties={undefined}
    >
      <Text
        accessible={true}
        allowFontScaling={true}
        ellipsizeMode="tail"
        style={
          Object {
            "color": "white",
            "fontSize": 20,
            "textAlign": "center",
          }
        }
      >
        Inscription
      </Text>
    </View>
  </View>
</View>
`;
