// Jest Snapshot v1, https://goo.gl/fbAQLP

exports[`renders correctly 1`] = `
<RCTScrollView>
  <View>
    <View
      style={
        Object {
          "height": 106.72,
        }
      }
    />
    <Text
      accessible={true}
      allowFontScaling={true}
      ellipsizeMode="tail"
      style={
        Object {
          "fontSize": 20,
          "marginTop": 93.38000000000001,
          "textAlign": "center",
        }
      }
    >
      Les bénéfices pour votre entreprise :
    </Text>
    <View>
      <View
        style={
          Object {
            "alignItems": "center",
            "flexDirection": "column",
            "justifyContent": "center",
            "marginTop": 45,
          }
        }
      >
        <View
          style={
            Object {
              "flexDirection": "row",
            }
          }
        >
          <View
            accessibilityComponentType={undefined}
            accessibilityLabel={undefined}
            accessibilityTraits={undefined}
            accessible={true}
            hasTVPreferredFocus={undefined}
            hitSlop={undefined}
            isTVSelectable={true}
            onLayout={undefined}
            onResponderGrant={[Function]}
            onResponderMove={[Function]}
            onResponderRelease={[Function]}
            onResponderTerminate={[Function]}
            onResponderTerminationRequest={[Function]}
            onStartShouldSetResponder={[Function]}
            style={
              Array [
                Object {
                  "backgroundColor": "transparent",
                },
                undefined,
              ]
            }
            testID={undefined}
            tvParallaxProperties={undefined}
          >
            <View
              style={
                Object {
                  "alignItems": "center",
                  "backgroundColor": "white",
                  "height": 266.8,
                  "margin": 37.5,
                  "width": 266.8,
                }
              }
            >
              <Image
                source={1}
                style={
                  Object {
                    "height": 40,
                    "width": 40,
                  }
                }
              />
              <Text
                accessible={true}
                allowFontScaling={true}
                ellipsizeMode="tail"
                style={
                  Object {
                    "fontSize": 15,
                    "fontWeight": "bold",
                    "marginTop": 10,
                    "textAlign": "center",
                  }
                }
              >
                Valoriser vos stocks
              </Text>
            </View>
          </View>
          <View
            accessibilityComponentType={undefined}
            accessibilityLabel={undefined}
            accessibilityTraits={undefined}
            accessible={true}
            hasTVPreferredFocus={undefined}
            hitSlop={undefined}
            isTVSelectable={true}
            onLayout={undefined}
            onResponderGrant={[Function]}
            onResponderMove={[Function]}
            onResponderRelease={[Function]}
            onResponderTerminate={[Function]}
            onResponderTerminationRequest={[Function]}
            onStartShouldSetResponder={[Function]}
            style={
              Array [
                Object {
                  "backgroundColor": "transparent",
                },
                undefined,
              ]
            }
            testID={undefined}
            tvParallaxProperties={undefined}
          >
            <View
              style={
                Object {
                  "alignItems": "center",
                  "backgroundColor": "white",
                  "height": 266.8,
                  "margin": 37.5,
                  "width": 266.8,
                }
              }
            >
              <Image
                source={1}
                style={
                  Object {
                    "height": 40,
                    "width": 40,
                  }
                }
              />
              <Text
                accessible={true}
                allowFontScaling={true}
                ellipsizeMode="tail"
                style={
                  Object {
                    "fontSize": 15,
                    "fontWeight": "bold",
                    "marginTop": 10,
                    "textAlign": "center",
                  }
                }
              >
                Achetez aux meilleurs prix
              </Text>
            </View>
          </View>
        </View>
        <View
          style={
            Object {
              "flexDirection": "row",
            }
          }
        >
          <View
            accessibilityComponentType={undefined}
            accessibilityLabel={undefined}
            accessibilityTraits={undefined}
            accessible={true}
            hasTVPreferredFocus={undefined}
            hitSlop={undefined}
            isTVSelectable={true}
            onLayout={undefined}
            onResponderGrant={[Function]}
            onResponderMove={[Function]}
            onResponderRelease={[Function]}
            onResponderTerminate={[Function]}
            onResponderTerminationRequest={[Function]}
            onStartShouldSetResponder={[Function]}
            style={
              Array [
                Object {
                  "backgroundColor": "transparent",
                },
                undefined,
              ]
            }
            testID={undefined}
            tvParallaxProperties={undefined}
          >
            <View
              style={
                Object {
                  "alignItems": "center",
                  "backgroundColor": "white",
                  "height": 266.8,
                  "margin": 37.5,
                  "width": 266.8,
                }
              }
            >
              <Image
                source={1}
                style={
                  Object {
                    "height": 40,
                    "width": 40,
                  }
                }
              />
              <Text
                accessible={true}
                allowFontScaling={true}
                ellipsizeMode="tail"
                style={
                  Object {
                    "fontSize": 15,
                    "fontWeight": "bold",
                    "marginTop": 10,
                    "textAlign": "center",
                  }
                }
              >
                Gagnez du temps
              </Text>
            </View>
          </View>
          <View
            accessibilityComponentType={undefined}
            accessibilityLabel={undefined}
            accessibilityTraits={undefined}
            accessible={true}
            hasTVPreferredFocus={undefined}
            hitSlop={undefined}
            isTVSelectable={true}
            onLayout={undefined}
            onResponderGrant={[Function]}
            onResponderMove={[Function]}
            onResponderRelease={[Function]}
            onResponderTerminate={[Function]}
            onResponderTerminationRequest={[Function]}
            onStartShouldSetResponder={[Function]}
            style={
              Array [
                Object {
                  "backgroundColor": "transparent",
                },
                undefined,
              ]
            }
            testID={undefined}
            tvParallaxProperties={undefined}
          >
            <View
              style={
                Object {
                  "alignItems": "center",
                  "backgroundColor": "white",
                  "height": 266.8,
                  "margin": 37.5,
                  "width": 266.8,
                }
              }
            >
              <Image
                source={1}
                style={
                  Object {
                    "height": 40,
                    "width": 40,
                  }
                }
              />
              <Text
                accessible={true}
                allowFontScaling={true}
                ellipsizeMode="tail"
                style={
                  Object {
                    "fontSize": 15,
                    "fontWeight": "bold",
                    "marginTop": 10,
                    "textAlign": "center",
                  }
                }
              >
                Profitez d'une grande visibilité
              </Text>
            </View>
          </View>
        </View>
        <View
          accessibilityComponentType={undefined}
          accessibilityLabel={undefined}
          accessibilityTraits={undefined}
          accessible={true}
          hasTVPreferredFocus={undefined}
          hitSlop={undefined}
          isTVSelectable={true}
          onLayout={undefined}
          onResponderGrant={[Function]}
          onResponderMove={[Function]}
          onResponderRelease={[Function]}
          onResponderTerminate={[Function]}
          onResponderTerminationRequest={[Function]}
          onStartShouldSetResponder={[Function]}
          style={
            Array [
              Object {
                "backgroundColor": "transparent",
              },
              undefined,
            ]
          }
          testID={undefined}
          tvParallaxProperties={undefined}
        >
          <View
            style={
              Object {
                "alignItems": "center",
                "backgroundColor": "white",
                "height": 266.8,
                "margin": 37.5,
                "width": 266.8,
              }
            }
          >
            <Image
              source={1}
              style={
                Object {
                  "height": 40,
                  "width": 40,
                }
              }
            />
            <Text
              accessible={true}
              allowFontScaling={true}
              ellipsizeMode="tail"
              style={
                Object {
                  "fontSize": 15,
                  "fontWeight": "bold",
                  "marginTop": 10,
                  "textAlign": "center",
                }
              }
            >
              Protégez l'environnement
            </Text>
          </View>
        </View>
      </View>
    </View>
  </View>
</RCTScrollView>
`;
