// Jest Snapshot v1, https://goo.gl/fbAQLP

exports[`renders correctly 1`] = `
<View
  style={
    Object {
      "flex": 1,
      "marginTop": 106.72,
    }
  }
>
  <View
    style={
      Object {
        "alignItems": "center",
        "marginBottom": 15,
      }
    }
  >
    <BVLinearGradient
      colors={
        Array [
          4279850107,
          4294957211,
        ]
      }
      end={
        Object {
          "x": 1,
          "y": 1,
        }
      }
      locations={
        Array [
          0,
          1,
        ]
      }
      start={
        Object {
          "x": 0,
          "y": 1,
        }
      }
      style={
        Object {
          "flexDirection": "row",
          "paddingBottom": 15,
          "paddingTop": 15,
          "width": 750,
        }
      }
    >
      <View
        style={
          Object {
            "alignItems": "center",
            "alignSelf": "center",
            "width": 187.5,
          }
        }
      >
        <Image
          source={1}
          style={
            Object {
              "height": 70,
              "transform": Array [
                Object {
                  "rotate": "-25deg",
                },
              ],
              "width": 70,
            }
          }
        />
      </View>
      <Text
        accessible={true}
        allowFontScaling={true}
        ellipsizeMode="tail"
        style={
          Object {
            "color": "#333333",
            "fontSize": 25,
            "textAlign": "center",
            "width": 375,
          }
        }
      >
        Foire aux questions
      </Text>
      <View
        style={
          Object {
            "alignItems": "center",
            "alignSelf": "center",
            "width": 187.5,
          }
        }
      >
        <Image
          source={1}
          style={
            Object {
              "height": 70,
              "width": 70,
            }
          }
        />
      </View>
    </BVLinearGradient>
  </View>
  <RCTScrollView>
    <View>
      <View
        style={
          Object {
            "flexDirection": "row",
            "minHeight": 30,
            "paddingRight": 10,
            "width": 750,
          }
        }
      >
        <View
          style={
            Object {
              "backgroundColor": "#185177",
              "marginLeft": 15,
              "width": 5,
            }
          }
        />
        <View
          accessibilityComponentType={undefined}
          accessibilityLabel={undefined}
          accessibilityTraits={undefined}
          accessible={true}
          hasTVPreferredFocus={undefined}
          hitSlop={undefined}
          isTVSelectable={true}
          onLayout={undefined}
          onResponderGrant={[Function]}
          onResponderMove={[Function]}
          onResponderRelease={[Function]}
          onResponderTerminate={[Function]}
          onResponderTerminationRequest={[Function]}
          onStartShouldSetResponder={[Function]}
          style={
            Array [
              Object {
                "backgroundColor": "transparent",
              },
              undefined,
            ]
          }
          testID={undefined}
          tvParallaxProperties={undefined}
        >
          <Text
            accessible={true}
            allowFontScaling={true}
            ellipsizeMode="tail"
            style={
              Object {
                "color": "#000000",
                "fontSize": 15,
                "fontWeight": "bold",
                "marginLeft": 10,
                "marginRight": 10,
              }
            }
          >
            Qu'est-ce que RMOpportunities ?
          </Text>
        </View>
      </View>
      <View
        style={
          Object {
            "flexDirection": "row",
            "width": 750,
          }
        }
      >
        <View
          style={
            Object {
              "backgroundColor": "#185177",
              "marginLeft": 15,
              "width": 5,
            }
          }
        />
        <View
          style={
            Object {
              "alignItems": "center",
              "justifyContent": "center",
              "marginBottom": 15,
              "marginRight": 5,
              "width": 750,
            }
          }
        />
      </View>
      <View
        style={
          Object {
            "flexDirection": "row",
            "minHeight": 30,
            "paddingRight": 10,
            "width": 750,
          }
        }
      >
        <View
          style={
            Object {
              "backgroundColor": "#185177",
              "marginLeft": 15,
              "width": 5,
            }
          }
        />
        <View
          accessibilityComponentType={undefined}
          accessibilityLabel={undefined}
          accessibilityTraits={undefined}
          accessible={true}
          hasTVPreferredFocus={undefined}
          hitSlop={undefined}
          isTVSelectable={true}
          onLayout={undefined}
          onResponderGrant={[Function]}
          onResponderMove={[Function]}
          onResponderRelease={[Function]}
          onResponderTerminate={[Function]}
          onResponderTerminationRequest={[Function]}
          onStartShouldSetResponder={[Function]}
          style={
            Array [
              Object {
                "backgroundColor": "transparent",
              },
              undefined,
            ]
          }
          testID={undefined}
          tvParallaxProperties={undefined}
        >
          <Text
            accessible={true}
            allowFontScaling={true}
            ellipsizeMode="tail"
            style={
              Object {
                "color": "#000000",
                "fontSize": 15,
                "fontWeight": "bold",
                "marginLeft": 10,
                "marginRight": 10,
              }
            }
          >
            Comment fonctionne l'anonymat sur la plateforme ?
          </Text>
        </View>
      </View>
      <View
        style={
          Object {
            "flexDirection": "row",
            "width": 750,
          }
        }
      >
        <View
          style={
            Object {
              "backgroundColor": "#185177",
              "marginLeft": 15,
              "width": 5,
            }
          }
        />
        <View
          style={
            Object {
              "alignItems": "center",
              "justifyContent": "center",
              "marginBottom": 15,
              "marginRight": 5,
              "width": 750,
            }
          }
        />
      </View>
      <View
        style={
          Object {
            "flexDirection": "row",
            "minHeight": 30,
            "paddingRight": 10,
            "width": 750,
          }
        }
      >
        <View
          style={
            Object {
              "backgroundColor": "#185177",
              "marginLeft": 15,
              "width": 5,
            }
          }
        />
        <View
          accessibilityComponentType={undefined}
          accessibilityLabel={undefined}
          accessibilityTraits={undefined}
          accessible={true}
          hasTVPreferredFocus={undefined}
          hitSlop={undefined}
          isTVSelectable={true}
          onLayout={undefined}
          onResponderGrant={[Function]}
          onResponderMove={[Function]}
          onResponderRelease={[Function]}
          onResponderTerminate={[Function]}
          onResponderTerminationRequest={[Function]}
          onStartShouldSetResponder={[Function]}
          style={
            Array [
              Object {
                "backgroundColor": "transparent",
              },
              undefined,
            ]
          }
          testID={undefined}
          tvParallaxProperties={undefined}
        >
          <Text
            accessible={true}
            allowFontScaling={true}
            ellipsizeMode="tail"
            style={
              Object {
                "color": "#000000",
                "fontSize": 15,
                "fontWeight": "bold",
                "marginLeft": 10,
                "marginRight": 10,
              }
            }
          >
            Comment assurer la traçabilité des produits sur le site ?
          </Text>
        </View>
      </View>
      <View
        style={
          Object {
            "flexDirection": "row",
            "width": 750,
          }
        }
      >
        <View
          style={
            Object {
              "backgroundColor": "#185177",
              "marginLeft": 15,
              "width": 5,
            }
          }
        />
        <View
          style={
            Object {
              "alignItems": "center",
              "justifyContent": "center",
              "marginBottom": 15,
              "marginRight": 5,
              "width": 750,
            }
          }
        />
      </View>
      <View
        style={
          Object {
            "flexDirection": "row",
            "minHeight": 30,
            "paddingRight": 10,
            "width": 750,
          }
        }
      >
        <View
          style={
            Object {
              "backgroundColor": "#185177",
              "marginLeft": 15,
              "width": 5,
            }
          }
        />
        <View
          accessibilityComponentType={undefined}
          accessibilityLabel={undefined}
          accessibilityTraits={undefined}
          accessible={true}
          hasTVPreferredFocus={undefined}
          hitSlop={undefined}
          isTVSelectable={true}
          onLayout={undefined}
          onResponderGrant={[Function]}
          onResponderMove={[Function]}
          onResponderRelease={[Function]}
          onResponderTerminate={[Function]}
          onResponderTerminationRequest={[Function]}
          onStartShouldSetResponder={[Function]}
          style={
            Array [
              Object {
                "backgroundColor": "transparent",
              },
              undefined,
            ]
          }
          testID={undefined}
          tvParallaxProperties={undefined}
        >
          <Text
            accessible={true}
            allowFontScaling={true}
            ellipsizeMode="tail"
            style={
              Object {
                "color": "#000000",
                "fontSize": 15,
                "fontWeight": "bold",
                "marginLeft": 10,
                "marginRight": 10,
              }
            }
          >
            Comment m'assurer de la qualité des matières premières disponibles ?
          </Text>
        </View>
      </View>
      <View
        style={
          Object {
            "flexDirection": "row",
            "width": 750,
          }
        }
      >
        <View
          style={
            Object {
              "backgroundColor": "#185177",
              "marginLeft": 15,
              "width": 5,
            }
          }
        />
        <View
          style={
            Object {
              "alignItems": "center",
              "justifyContent": "center",
              "marginBottom": 15,
              "marginRight": 5,
              "width": 750,
            }
          }
        />
      </View>
      <View
        style={
          Object {
            "flexDirection": "row",
            "minHeight": 30,
            "paddingRight": 10,
            "width": 750,
          }
        }
      >
        <View
          style={
            Object {
              "backgroundColor": "#185177",
              "marginLeft": 15,
              "width": 5,
            }
          }
        />
        <View
          accessibilityComponentType={undefined}
          accessibilityLabel={undefined}
          accessibilityTraits={undefined}
          accessible={true}
          hasTVPreferredFocus={undefined}
          hitSlop={undefined}
          isTVSelectable={true}
          onLayout={undefined}
          onResponderGrant={[Function]}
          onResponderMove={[Function]}
          onResponderRelease={[Function]}
          onResponderTerminate={[Function]}
          onResponderTerminationRequest={[Function]}
          onStartShouldSetResponder={[Function]}
          style={
            Array [
              Object {
                "backgroundColor": "transparent",
              },
              undefined,
            ]
          }
          testID={undefined}
          tvParallaxProperties={undefined}
        >
          <Text
            accessible={true}
            allowFontScaling={true}
            ellipsizeMode="tail"
            style={
              Object {
                "color": "#000000",
                "fontSize": 15,
                "fontWeight": "bold",
                "marginLeft": 10,
                "marginRight": 10,
              }
            }
          >
            Que puis-je vendre sur la plateforme ?
          </Text>
        </View>
      </View>
      <View
        style={
          Object {
            "flexDirection": "row",
            "width": 750,
          }
        }
      >
        <View
          style={
            Object {
              "backgroundColor": "#185177",
              "marginLeft": 15,
              "width": 5,
            }
          }
        />
        <View
          style={
            Object {
              "alignItems": "center",
              "justifyContent": "center",
              "marginBottom": 15,
              "marginRight": 5,
              "width": 750,
            }
          }
        />
      </View>
      <View
        style={
          Object {
            "flexDirection": "row",
            "minHeight": 30,
            "paddingRight": 10,
            "width": 750,
          }
        }
      >
        <View
          style={
            Object {
              "backgroundColor": "#185177",
              "marginLeft": 15,
              "width": 5,
            }
          }
        />
        <View
          accessibilityComponentType={undefined}
          accessibilityLabel={undefined}
          accessibilityTraits={undefined}
          accessible={true}
          hasTVPreferredFocus={undefined}
          hitSlop={undefined}
          isTVSelectable={true}
          onLayout={undefined}
          onResponderGrant={[Function]}
          onResponderMove={[Function]}
          onResponderRelease={[Function]}
          onResponderTerminate={[Function]}
          onResponderTerminationRequest={[Function]}
          onStartShouldSetResponder={[Function]}
          style={
            Array [
              Object {
                "backgroundColor": "transparent",
              },
              undefined,
            ]
          }
          testID={undefined}
          tvParallaxProperties={undefined}
        >
          <Text
            accessible={true}
            allowFontScaling={true}
            ellipsizeMode="tail"
            style={
              Object {
                "color": "#000000",
                "fontSize": 15,
                "fontWeight": "bold",
                "marginLeft": 10,
                "marginRight": 10,
              }
            }
          >
            Comment trouver un produit sur la plateforme ?
          </Text>
        </View>
      </View>
      <View
        style={
          Object {
            "flexDirection": "row",
            "width": 750,
          }
        }
      >
        <View
          style={
            Object {
              "backgroundColor": "#185177",
              "marginLeft": 15,
              "width": 5,
            }
          }
        />
        <View
          style={
            Object {
              "alignItems": "center",
              "justifyContent": "center",
              "marginBottom": 15,
              "marginRight": 5,
              "width": 750,
            }
          }
        />
      </View>
      <View
        style={
          Object {
            "flexDirection": "row",
            "minHeight": 30,
            "paddingRight": 10,
            "width": 750,
          }
        }
      >
        <View
          style={
            Object {
              "backgroundColor": "#185177",
              "marginLeft": 15,
              "width": 5,
            }
          }
        />
        <View
          accessibilityComponentType={undefined}
          accessibilityLabel={undefined}
          accessibilityTraits={undefined}
          accessible={true}
          hasTVPreferredFocus={undefined}
          hitSlop={undefined}
          isTVSelectable={true}
          onLayout={undefined}
          onResponderGrant={[Function]}
          onResponderMove={[Function]}
          onResponderRelease={[Function]}
          onResponderTerminate={[Function]}
          onResponderTerminationRequest={[Function]}
          onStartShouldSetResponder={[Function]}
          style={
            Array [
              Object {
                "backgroundColor": "transparent",
              },
              undefined,
            ]
          }
          testID={undefined}
          tvParallaxProperties={undefined}
        >
          <Text
            accessible={true}
            allowFontScaling={true}
            ellipsizeMode="tail"
            style={
              Object {
                "color": "#000000",
                "fontSize": 15,
                "fontWeight": "bold",
                "marginLeft": 10,
                "marginRight": 10,
              }
            }
          >
            Comment fixer mon prix de vente ?
          </Text>
        </View>
      </View>
      <View
        style={
          Object {
            "flexDirection": "row",
            "width": 750,
          }
        }
      >
        <View
          style={
            Object {
              "backgroundColor": "#185177",
              "marginLeft": 15,
              "width": 5,
            }
          }
        />
        <View
          style={
            Object {
              "alignItems": "center",
              "justifyContent": "center",
              "marginBottom": 15,
              "marginRight": 5,
              "width": 750,
            }
          }
        />
      </View>
      <View
        style={
          Object {
            "flexDirection": "row",
            "minHeight": 30,
            "paddingRight": 10,
            "width": 750,
          }
        }
      >
        <View
          style={
            Object {
              "backgroundColor": "#185177",
              "marginLeft": 15,
              "width": 5,
            }
          }
        />
        <View
          accessibilityComponentType={undefined}
          accessibilityLabel={undefined}
          accessibilityTraits={undefined}
          accessible={true}
          hasTVPreferredFocus={undefined}
          hitSlop={undefined}
          isTVSelectable={true}
          onLayout={undefined}
          onResponderGrant={[Function]}
          onResponderMove={[Function]}
          onResponderRelease={[Function]}
          onResponderTerminate={[Function]}
          onResponderTerminationRequest={[Function]}
          onStartShouldSetResponder={[Function]}
          style={
            Array [
              Object {
                "backgroundColor": "transparent",
              },
              undefined,
            ]
          }
          testID={undefined}
          tvParallaxProperties={undefined}
        >
          <Text
            accessible={true}
            allowFontScaling={true}
            ellipsizeMode="tail"
            style={
              Object {
                "color": "#000000",
                "fontSize": 15,
                "fontWeight": "bold",
                "marginLeft": 10,
                "marginRight": 10,
              }
            }
          >
            Puis-je négocier sur la plateforme ?
          </Text>
        </View>
      </View>
      <View
        style={
          Object {
            "flexDirection": "row",
            "width": 750,
          }
        }
      >
        <View
          style={
            Object {
              "backgroundColor": "#185177",
              "marginLeft": 15,
              "width": 5,
            }
          }
        />
        <View
          style={
            Object {
              "alignItems": "center",
              "justifyContent": "center",
              "marginBottom": 15,
              "marginRight": 5,
              "width": 750,
            }
          }
        />
      </View>
      <View
        style={
          Object {
            "flexDirection": "row",
            "minHeight": 30,
            "paddingRight": 10,
            "width": 750,
          }
        }
      >
        <View
          style={
            Object {
              "backgroundColor": "#185177",
              "marginLeft": 15,
              "width": 5,
            }
          }
        />
        <View
          accessibilityComponentType={undefined}
          accessibilityLabel={undefined}
          accessibilityTraits={undefined}
          accessible={true}
          hasTVPreferredFocus={undefined}
          hitSlop={undefined}
          isTVSelectable={true}
          onLayout={undefined}
          onResponderGrant={[Function]}
          onResponderMove={[Function]}
          onResponderRelease={[Function]}
          onResponderTerminate={[Function]}
          onResponderTerminationRequest={[Function]}
          onStartShouldSetResponder={[Function]}
          style={
            Array [
              Object {
                "backgroundColor": "transparent",
              },
              undefined,
            ]
          }
          testID={undefined}
          tvParallaxProperties={undefined}
        >
          <Text
            accessible={true}
            allowFontScaling={true}
            ellipsizeMode="tail"
            style={
              Object {
                "color": "#000000",
                "fontSize": 15,
                "fontWeight": "bold",
                "marginLeft": 10,
                "marginRight": 10,
              }
            }
          >
            Qui s'occupe du transport des marchandises ?
          </Text>
        </View>
      </View>
      <View
        style={
          Object {
            "flexDirection": "row",
            "width": 750,
          }
        }
      >
        <View
          style={
            Object {
              "backgroundColor": "#185177",
              "marginLeft": 15,
              "width": 5,
            }
          }
        />
        <View
          style={
            Object {
              "alignItems": "center",
              "justifyContent": "center",
              "marginBottom": 15,
              "marginRight": 5,
              "width": 750,
            }
          }
        />
      </View>
      <View
        style={
          Object {
            "flexDirection": "row",
            "minHeight": 30,
            "paddingRight": 10,
            "width": 750,
          }
        }
      >
        <View
          style={
            Object {
              "backgroundColor": "#185177",
              "marginLeft": 15,
              "width": 5,
            }
          }
        />
        <View
          accessibilityComponentType={undefined}
          accessibilityLabel={undefined}
          accessibilityTraits={undefined}
          accessible={true}
          hasTVPreferredFocus={undefined}
          hitSlop={undefined}
          isTVSelectable={true}
          onLayout={undefined}
          onResponderGrant={[Function]}
          onResponderMove={[Function]}
          onResponderRelease={[Function]}
          onResponderTerminate={[Function]}
          onResponderTerminationRequest={[Function]}
          onStartShouldSetResponder={[Function]}
          style={
            Array [
              Object {
                "backgroundColor": "transparent",
              },
              undefined,
            ]
          }
          testID={undefined}
          tvParallaxProperties={undefined}
        >
          <Text
            accessible={true}
            allowFontScaling={true}
            ellipsizeMode="tail"
            style={
              Object {
                "color": "#000000",
                "fontSize": 15,
                "fontWeight": "bold",
                "marginLeft": 10,
                "marginRight": 10,
              }
            }
          >
            Que faire si l'acheteur ou le vendeur se rétracte après avoir été mis en relation ?
          </Text>
        </View>
      </View>
      <View
        style={
          Object {
            "flexDirection": "row",
            "width": 750,
          }
        }
      >
        <View
          style={
            Object {
              "backgroundColor": "#185177",
              "marginLeft": 15,
              "width": 5,
            }
          }
        />
        <View
          style={
            Object {
              "alignItems": "center",
              "justifyContent": "center",
              "marginBottom": 15,
              "marginRight": 5,
              "width": 750,
            }
          }
        />
      </View>
      <View
        style={
          Object {
            "flexDirection": "row",
            "minHeight": 30,
            "paddingRight": 10,
            "width": 750,
          }
        }
      >
        <View
          style={
            Object {
              "backgroundColor": "#185177",
              "marginLeft": 15,
              "width": 5,
            }
          }
        />
        <View
          accessibilityComponentType={undefined}
          accessibilityLabel={undefined}
          accessibilityTraits={undefined}
          accessible={true}
          hasTVPreferredFocus={undefined}
          hitSlop={undefined}
          isTVSelectable={true}
          onLayout={undefined}
          onResponderGrant={[Function]}
          onResponderMove={[Function]}
          onResponderRelease={[Function]}
          onResponderTerminate={[Function]}
          onResponderTerminationRequest={[Function]}
          onStartShouldSetResponder={[Function]}
          style={
            Array [
              Object {
                "backgroundColor": "transparent",
              },
              undefined,
            ]
          }
          testID={undefined}
          tvParallaxProperties={undefined}
        >
          <Text
            accessible={true}
            allowFontScaling={true}
            ellipsizeMode="tail"
            style={
              Object {
                "color": "#000000",
                "fontSize": 15,
                "fontWeight": "bold",
                "marginLeft": 10,
                "marginRight": 10,
              }
            }
          >
            Que faire si les stocks achetés sur votre site sont de mauvaise qualité ?
          </Text>
        </View>
      </View>
      <View
        style={
          Object {
            "flexDirection": "row",
            "width": 750,
          }
        }
      >
        <View
          style={
            Object {
              "backgroundColor": "#185177",
              "marginLeft": 15,
              "width": 5,
            }
          }
        />
        <View
          style={
            Object {
              "alignItems": "center",
              "justifyContent": "center",
              "marginBottom": 15,
              "marginRight": 5,
              "width": 750,
            }
          }
        />
      </View>
      <View
        style={
          Object {
            "flexDirection": "row",
            "minHeight": 30,
            "paddingRight": 10,
            "width": 750,
          }
        }
      >
        <View
          style={
            Object {
              "backgroundColor": "#185177",
              "marginLeft": 15,
              "width": 5,
            }
          }
        />
        <View
          accessibilityComponentType={undefined}
          accessibilityLabel={undefined}
          accessibilityTraits={undefined}
          accessible={true}
          hasTVPreferredFocus={undefined}
          hitSlop={undefined}
          isTVSelectable={true}
          onLayout={undefined}
          onResponderGrant={[Function]}
          onResponderMove={[Function]}
          onResponderRelease={[Function]}
          onResponderTerminate={[Function]}
          onResponderTerminationRequest={[Function]}
          onStartShouldSetResponder={[Function]}
          style={
            Array [
              Object {
                "backgroundColor": "transparent",
              },
              undefined,
            ]
          }
          testID={undefined}
          tvParallaxProperties={undefined}
        >
          <Text
            accessible={true}
            allowFontScaling={true}
            ellipsizeMode="tail"
            style={
              Object {
                "color": "#000000",
                "fontSize": 15,
                "fontWeight": "bold",
                "marginLeft": 10,
                "marginRight": 10,
              }
            }
          >
            Pourquoi s'inscrire sur le site ?
          </Text>
        </View>
      </View>
      <View
        style={
          Object {
            "flexDirection": "row",
            "width": 750,
          }
        }
      >
        <View
          style={
            Object {
              "backgroundColor": "#185177",
              "marginLeft": 15,
              "width": 5,
            }
          }
        />
        <View
          style={
            Object {
              "alignItems": "center",
              "justifyContent": "center",
              "marginBottom": 15,
              "marginRight": 5,
              "width": 750,
            }
          }
        />
      </View>
      <View
        style={
          Object {
            "flexDirection": "row",
            "minHeight": 30,
            "paddingRight": 10,
            "width": 750,
          }
        }
      >
        <View
          style={
            Object {
              "backgroundColor": "#185177",
              "marginLeft": 15,
              "width": 5,
            }
          }
        />
        <View
          accessibilityComponentType={undefined}
          accessibilityLabel={undefined}
          accessibilityTraits={undefined}
          accessible={true}
          hasTVPreferredFocus={undefined}
          hitSlop={undefined}
          isTVSelectable={true}
          onLayout={undefined}
          onResponderGrant={[Function]}
          onResponderMove={[Function]}
          onResponderRelease={[Function]}
          onResponderTerminate={[Function]}
          onResponderTerminationRequest={[Function]}
          onStartShouldSetResponder={[Function]}
          style={
            Array [
              Object {
                "backgroundColor": "transparent",
              },
              undefined,
            ]
          }
          testID={undefined}
          tvParallaxProperties={undefined}
        >
          <Text
            accessible={true}
            allowFontScaling={true}
            ellipsizeMode="tail"
            style={
              Object {
                "color": "#000000",
                "fontSize": 15,
                "fontWeight": "bold",
                "marginLeft": 10,
                "marginRight": 10,
              }
            }
          >
            Comment est facturé le service fourni par RMOpportunities?
          </Text>
        </View>
      </View>
      <View
        style={
          Object {
            "flexDirection": "row",
            "width": 750,
          }
        }
      >
        <View
          style={
            Object {
              "backgroundColor": "#185177",
              "marginLeft": 15,
              "width": 5,
            }
          }
        />
        <View
          style={
            Object {
              "alignItems": "center",
              "justifyContent": "center",
              "marginBottom": 15,
              "marginRight": 5,
              "width": 750,
            }
          }
        />
      </View>
      <View
        style={
          Object {
            "flexDirection": "row",
            "minHeight": 30,
            "paddingRight": 10,
            "width": 750,
          }
        }
      >
        <View
          style={
            Object {
              "backgroundColor": "#185177",
              "marginLeft": 15,
              "width": 5,
            }
          }
        />
        <View
          accessibilityComponentType={undefined}
          accessibilityLabel={undefined}
          accessibilityTraits={undefined}
          accessible={true}
          hasTVPreferredFocus={undefined}
          hitSlop={undefined}
          isTVSelectable={true}
          onLayout={undefined}
          onResponderGrant={[Function]}
          onResponderMove={[Function]}
          onResponderRelease={[Function]}
          onResponderTerminate={[Function]}
          onResponderTerminationRequest={[Function]}
          onStartShouldSetResponder={[Function]}
          style={
            Array [
              Object {
                "backgroundColor": "transparent",
              },
              undefined,
            ]
          }
          testID={undefined}
          tvParallaxProperties={undefined}
        >
          <Text
            accessible={true}
            allowFontScaling={true}
            ellipsizeMode="tail"
            style={
              Object {
                "color": "#000000",
                "fontSize": 15,
                "fontWeight": "bold",
                "marginLeft": 10,
                "marginRight": 10,
              }
            }
          >
            Comment trouver un acheteur sur la plateforme ?
          </Text>
        </View>
      </View>
      <View
        style={
          Object {
            "flexDirection": "row",
            "width": 750,
          }
        }
      >
        <View
          style={
            Object {
              "backgroundColor": "#185177",
              "marginLeft": 15,
              "width": 5,
            }
          }
        />
        <View
          style={
            Object {
              "alignItems": "center",
              "justifyContent": "center",
              "marginBottom": 15,
              "marginRight": 5,
              "width": 750,
            }
          }
        />
      </View>
      <View
        style={
          Object {
            "flexDirection": "row",
            "minHeight": 30,
            "paddingRight": 10,
            "width": 750,
          }
        }
      >
        <View
          style={
            Object {
              "backgroundColor": "#185177",
              "marginLeft": 15,
              "width": 5,
            }
          }
        />
        <View
          accessibilityComponentType={undefined}
          accessibilityLabel={undefined}
          accessibilityTraits={undefined}
          accessible={true}
          hasTVPreferredFocus={undefined}
          hitSlop={undefined}
          isTVSelectable={true}
          onLayout={undefined}
          onResponderGrant={[Function]}
          onResponderMove={[Function]}
          onResponderRelease={[Function]}
          onResponderTerminate={[Function]}
          onResponderTerminationRequest={[Function]}
          onStartShouldSetResponder={[Function]}
          style={
            Array [
              Object {
                "backgroundColor": "transparent",
              },
              undefined,
            ]
          }
          testID={undefined}
          tvParallaxProperties={undefined}
        >
          <Text
            accessible={true}
            allowFontScaling={true}
            ellipsizeMode="tail"
            style={
              Object {
                "color": "#000000",
                "fontSize": 15,
                "fontWeight": "bold",
                "marginLeft": 10,
                "marginRight": 10,
              }
            }
          >
            Comment trouver un vendeur sur la plateforme ?
          </Text>
        </View>
      </View>
      <View
        style={
          Object {
            "flexDirection": "row",
            "width": 750,
          }
        }
      >
        <View
          style={
            Object {
              "backgroundColor": "#185177",
              "marginLeft": 15,
              "width": 5,
            }
          }
        />
        <View
          style={
            Object {
              "alignItems": "center",
              "justifyContent": "center",
              "marginBottom": 15,
              "marginRight": 5,
              "width": 750,
            }
          }
        />
      </View>
    </View>
  </RCTScrollView>
</View>
`;
