// Jest Snapshot v1, https://goo.gl/fbAQLP

exports[`renders correctly 1`] = `
<View
  style={
    Object {
      "alignItems": "center",
      "backgroundColor": "#F2F2F2",
      "flex": 1,
      "justifyContent": "center",
    }
  }
>
  <View
    style={
      Object {
        "height": 106.72,
      }
    }
  />
  <View
    style={
      Object {
        "alignItems": "center",
        "alignSelf": "center",
        "backgroundColor": "#F2F2F2",
        "flexDirection": "column",
        "flexGrow": 0,
        "flexShrink": 0,
        "height": 1187.26,
        "justifyContent": "center",
        "width": 750,
      }
    }
  >
    <View
      style={
        Object {
          "alignItems": "center",
          "alignSelf": "center",
          "backgroundColor": "#F2F2F2",
          "flexDirection": "column",
          "flexGrow": 0,
          "flexShrink": 0,
          "height": 373.52000000000004,
          "justifyContent": "center",
          "width": 750,
        }
      }
    >
      <Text
        accessible={true}
        allowFontScaling={true}
        ellipsizeMode="tail"
        style={
          Object {
            "color": "#333333",
            "fontSize": 40,
            "margin": 10,
            "textAlign": "center",
          }
        }
      >
        Alertes produits
      </Text>
      <Text
        accessible={true}
        allowFontScaling={true}
        ellipsizeMode="tail"
        style={
          Object {
            "fontSize": 15,
            "marginBottom": 5,
            "textAlign": "center",
          }
        }
      >
        Ajouter une alerte avec un numéro d'indentification afin d'être notifié dès la mise en ligne d'un produit spécifique
      </Text>
    </View>
    <View
      style={
        Object {
          "flexDirection": "row",
          "margin": 10,
        }
      }
    >
      <TextInput
        onChangeText={[Function]}
        placeholder="Numéro d'indentification (CAS ou EINECS)"
        style={
          Object {
            "borderColor": "#CCC",
            "borderWidth": 1,
            "fontSize": 11,
            "height": 66.7,
            "padding": 5,
            "width": 450,
          }
        }
        underlineColorAndroid="transparent"
      />
      <View
        accessibilityComponentType={undefined}
        accessibilityLabel={undefined}
        accessibilityTraits={undefined}
        accessible={true}
        hasTVPreferredFocus={undefined}
        hitSlop={undefined}
        isTVSelectable={true}
        onLayout={undefined}
        onResponderGrant={[Function]}
        onResponderMove={[Function]}
        onResponderRelease={[Function]}
        onResponderTerminate={[Function]}
        onResponderTerminationRequest={[Function]}
        onStartShouldSetResponder={[Function]}
        style={
          Array [
            Object {
              "backgroundColor": "transparent",
            },
            Object {
              "alignItems": "center",
              "backgroundColor": "#A4D04A",
              "height": 66.7,
              "justifyContent": "center",
              "width": 150,
            },
          ]
        }
        testID={undefined}
        tvParallaxProperties={undefined}
      >
        <Text
          accessible={true}
          allowFontScaling={true}
          ellipsizeMode="tail"
          style={
            Object {
              "color": "white",
              "fontSize": 40.019999999999996,
            }
          }
        >
          Ajouter
        </Text>
      </View>
    </View>
    <View
      style={
        Object {
          "alignSelf": "flex-start",
          "justifyContent": "flex-start",
          "marginLeft": 5,
        }
      }
    >
      <Text
        accessible={true}
        allowFontScaling={true}
        ellipsizeMode="tail"
        style={
          Object {
            "color": "#333333",
            "fontSize": 20,
            "textAlign": "left",
          }
        }
      >
        Alertes définies
      </Text>
    </View>
    <View
      style={
        Object {
          "flexDirection": "row",
          "justifyContent": "center",
          "width": 750,
        }
      }
    >
      <View
        style={
          Object {
            "alignItems": "center",
            "alignSelf": "center",
            "borderColor": "#CCC",
            "borderRadius": 5,
            "borderWidth": 1,
            "height": 66.7,
            "justifyContent": "center",
            "padding": 5,
            "width": 300,
          }
        }
      >
        <Text
          accessible={true}
          allowFontScaling={true}
          ellipsizeMode="tail"
          style={
            Object {
              "fontSize": 10,
              "textAlign": "center",
            }
          }
        >
          Numéro d'indentification (CAS ou EINECS)
        </Text>
      </View>
      <View
        style={
          Object {
            "alignItems": "center",
            "alignSelf": "center",
            "borderColor": "#CCC",
            "borderRadius": 5,
            "borderWidth": 1,
            "height": 66.7,
            "justifyContent": "center",
            "padding": 5,
            "width": 120,
          }
        }
      >
        <Text
          accessible={true}
          allowFontScaling={true}
          ellipsizeMode="tail"
          style={
            Object {
              "fontSize": 10,
              "textAlign": "center",
            }
          }
        >
          Activer
        </Text>
      </View>
      <View
        style={
          Object {
            "alignItems": "center",
            "alignSelf": "center",
            "borderColor": "#CCC",
            "borderRadius": 5,
            "borderWidth": 1,
            "height": 66.7,
            "justifyContent": "center",
            "padding": 5,
            "width": 120,
          }
        }
      >
        <Text
          accessible={true}
          allowFontScaling={true}
          ellipsizeMode="tail"
          style={
            Object {
              "fontSize": 10,
              "textAlign": "center",
            }
          }
        >
          Supprimer
        </Text>
      </View>
    </View>
    <View
      style={
        Object {
          "backgroundColor": "#F2F2F2",
          "borderColor": "#CCC",
          "borderRadius": 5,
          "borderWidth": 1,
          "flexDirection": "row",
          "height": 306.82,
          "margin": 5,
          "padding": 5,
          "width": 540,
        }
      }
    />
  </View>
</View>
`;
