// Jest Snapshot v1, https://goo.gl/fbAQLP

exports[`renders correctly 1`] = `
<View
  style={
    Object {
      "flex": 1,
    }
  }
>
  <View
    style={
      Object {
        "height": 106.72,
      }
    }
  />
  <View
    style={
      Object {
        "alignItems": "center",
        "backgroundColor": "#F2F2F2",
        "height": 1240.6200000000001,
        "width": 750,
      }
    }
  >
    <Text
      accessible={true}
      allowFontScaling={true}
      ellipsizeMode="tail"
      style={
        Object {
          "color": "#000000",
          "fontSize": 32,
          "marginBottom": 10,
          "marginTop": 15,
          "textAlign": "center",
        }
      }
    >
      Inscrivez-vous
    </Text>
    <View
      style={
        Object {
          "alignItems": "center",
          "backgroundColor": "#FFFFFF",
          "height": 1334,
          "width": 750,
        }
      }
    >
      <View>
        <View>
          <View
            accessibilityComponentType={undefined}
            accessibilityLabel={undefined}
            accessibilityTraits={undefined}
            accessible={true}
            hasTVPreferredFocus={undefined}
            hitSlop={undefined}
            isTVSelectable={true}
            onLayout={undefined}
            onResponderGrant={[Function]}
            onResponderMove={[Function]}
            onResponderRelease={[Function]}
            onResponderTerminate={[Function]}
            onResponderTerminationRequest={[Function]}
            onStartShouldSetResponder={[Function]}
            style={
              Array [
                Object {
                  "backgroundColor": "transparent",
                },
                Object {
                  "alignItems": "flex-start",
                  "backgroundColor": "#FFFFFF",
                  "marginTop": 20,
                  "width": 712.5,
                },
              ]
            }
            testID={undefined}
            tvParallaxProperties={undefined}
          >
            <View
              style={
                Object {
                  "flexDirection": "row",
                }
              }
            >
              <Text
                accessible={true}
                allowFontScaling={true}
                ellipsizeMode="tail"
                style={
                  Object {
                    "color": "#A4D04A",
                    "fontSize": 24,
                    "fontWeight": "bold",
                  }
                }
              >
                 1 
              </Text>
              <Text
                accessible={true}
                allowFontScaling={true}
                ellipsizeMode="tail"
                style={
                  Object {
                    "color": "#000000",
                    "fontSize": 24,
                  }
                }
              >
                Informations entreprise
              </Text>
            </View>
          </View>
          <View
            accessibilityComponentType={undefined}
            accessibilityLabel={undefined}
            accessibilityTraits={undefined}
            accessible={true}
            hasTVPreferredFocus={undefined}
            hitSlop={undefined}
            isTVSelectable={true}
            onLayout={undefined}
            onResponderGrant={[Function]}
            onResponderMove={[Function]}
            onResponderRelease={[Function]}
            onResponderTerminate={[Function]}
            onResponderTerminationRequest={[Function]}
            onStartShouldSetResponder={[Function]}
            style={
              Array [
                Object {
                  "backgroundColor": "transparent",
                },
                Object {
                  "alignItems": "flex-start",
                  "backgroundColor": "#FFFFFF",
                  "marginTop": 20,
                  "width": 712.5,
                },
              ]
            }
            testID={undefined}
            tvParallaxProperties={undefined}
          >
            <View
              style={
                Object {
                  "flexDirection": "row",
                }
              }
            >
              <Text
                accessible={true}
                allowFontScaling={true}
                ellipsizeMode="tail"
                style={
                  Object {
                    "color": "#A4D04A",
                    "fontSize": 24,
                    "fontWeight": "bold",
                  }
                }
              >
                 2 
              </Text>
              <Text
                accessible={true}
                allowFontScaling={true}
                ellipsizeMode="tail"
                style={
                  Object {
                    "color": "#000000",
                    "fontSize": 24,
                  }
                }
              >
                Informations contact
              </Text>
            </View>
          </View>
          <View
            accessibilityComponentType={undefined}
            accessibilityLabel={undefined}
            accessibilityTraits={undefined}
            accessible={true}
            hasTVPreferredFocus={undefined}
            hitSlop={undefined}
            isTVSelectable={true}
            onLayout={undefined}
            onResponderGrant={[Function]}
            onResponderMove={[Function]}
            onResponderRelease={[Function]}
            onResponderTerminate={[Function]}
            onResponderTerminationRequest={[Function]}
            onStartShouldSetResponder={[Function]}
            style={
              Array [
                Object {
                  "backgroundColor": "transparent",
                },
                Object {
                  "alignItems": "flex-start",
                  "backgroundColor": "#FFFFFF",
                  "marginTop": 20,
                  "width": 712.5,
                },
              ]
            }
            testID={undefined}
            tvParallaxProperties={undefined}
          >
            <View
              style={
                Object {
                  "flexDirection": "row",
                }
              }
            >
              <Text
                accessible={true}
                allowFontScaling={true}
                ellipsizeMode="tail"
                style={
                  Object {
                    "color": "#A4D04A",
                    "fontSize": 24,
                    "fontWeight": "bold",
                  }
                }
              >
                 3 
              </Text>
              <Text
                accessible={true}
                allowFontScaling={true}
                ellipsizeMode="tail"
                style={
                  Object {
                    "color": "#000000",
                    "fontSize": 24,
                  }
                }
              >
                Conditions d'utilisations
              </Text>
            </View>
          </View>
        </View>
      </View>
      <View
        accessibilityComponentType={undefined}
        accessibilityLabel={undefined}
        accessibilityTraits={undefined}
        accessible={true}
        hasTVPreferredFocus={undefined}
        hitSlop={undefined}
        isTVSelectable={true}
        onLayout={undefined}
        onResponderGrant={[Function]}
        onResponderMove={[Function]}
        onResponderRelease={[Function]}
        onResponderTerminate={[Function]}
        onResponderTerminationRequest={[Function]}
        onStartShouldSetResponder={[Function]}
        style={
          Array [
            Object {
              "backgroundColor": "transparent",
            },
            Array [
              Object {
                "borderRadius": 5,
                "height": 66.7,
                "justifyContent": "center",
                "marginTop": 20,
              },
              Object {
                "backgroundColor": "#A4D04A",
                "width": 375,
              },
            ],
          ]
        }
        testID={undefined}
        tvParallaxProperties={undefined}
      >
        <Text
          accessible={true}
          allowFontScaling={true}
          ellipsizeMode="tail"
          style={
            Object {
              "color": "white",
              "fontSize": 20,
              "textAlign": "center",
            }
          }
        >
          S'inscrire
        </Text>
      </View>
    </View>
  </View>
</View>
`;
